[    0.000000] Initializing cgroup subsys cpuset
[    0.000000] Initializing cgroup subsys cpu
[    0.000000] Initializing cgroup subsys cpuacct
[    0.000000] Linux version 4.4.0-186-generic (buildd@lcy01-amd64-002) (gcc version 5.4.0 20160609 (Ubuntu 5.4.0-6ubuntu1~16.04.12) ) #216-Ubuntu SMP Wed Jul 1 05:34:05 UTC 2020 (Ubuntu 4.4.0-186.216-generic 4.4.228)
[    0.000000] Command line: BOOT_IMAGE=/boot/vmlinuz-4.4.0-186-generic root=LABEL=cloudimg-rootfs ro console=tty1 console=ttyS0
[    0.000000] KERNEL supported cpus:
[    0.000000]   Intel GenuineIntel
[    0.000000]   AMD AuthenticAMD
[    0.000000]   Centaur CentaurHauls
[    0.000000] [Firmware Bug]: TSC doesn't count with P0 frequency!
[    0.000000] x86/fpu: xstate_offset[2]:  576, xstate_sizes[2]:  256
[    0.000000] x86/fpu: Supporting XSAVE feature 0x01: 'x87 floating point registers'
[    0.000000] x86/fpu: Supporting XSAVE feature 0x02: 'SSE registers'
[    0.000000] x86/fpu: Supporting XSAVE feature 0x04: 'AVX registers'
[    0.000000] x86/fpu: Enabled xstate features 0x7, context size is 832 bytes, using 'standard' format.
[    0.000000] e820: BIOS-provided physical RAM map:
[    0.000000] BIOS-e820: [mem 0x0000000000000000-0x000000000009fbff] usable
[    0.000000] BIOS-e820: [mem 0x000000000009fc00-0x000000000009ffff] reserved
[    0.000000] BIOS-e820: [mem 0x00000000000f0000-0x00000000000fffff] reserved
[    0.000000] BIOS-e820: [mem 0x0000000000100000-0x000000003ffeffff] usable
[    0.000000] BIOS-e820: [mem 0x000000003fff0000-0x000000003fffffff] ACPI data
[    0.000000] BIOS-e820: [mem 0x00000000fec00000-0x00000000fec00fff] reserved
[    0.000000] BIOS-e820: [mem 0x00000000fee00000-0x00000000fee00fff] reserved
[    0.000000] BIOS-e820: [mem 0x00000000fffc0000-0x00000000ffffffff] reserved
[    0.000000] NX (Execute Disable) protection: active
[    0.000000] SMBIOS 2.5 present.
[    0.000000] Hypervisor detected: KVM
[    0.000000] Kernel/User page tables isolation: disabled
[    0.000000] e820: last_pfn = 0x3fff0 max_arch_pfn = 0x400000000
[    0.000000] MTRR: Disabled
[    0.000000] x86/PAT: MTRRs disabled, skipping PAT initialization too.
[    0.000000] CPU MTRRs all blank - virtualized system.
[    0.000000] x86/PAT: Configuration [0-7]: WB  WT  UC- UC  WB  WT  UC- UC  
[    0.000000] found SMP MP-table at [mem 0x0009fff0-0x0009ffff] mapped at [ffff88000009fff0]
[    0.000000] Scanning 1 areas for low memory corruption
[    0.000000] RAMDISK: [mem 0x362e0000-0x37167fff]
[    0.000000] ACPI: Early table checksum verification disabled
[    0.000000] ACPI: RSDP 0x00000000000E0000 000024 (v02 VBOX  )
[    0.000000] ACPI: XSDT 0x000000003FFF0030 00003C (v01 VBOX   VBOXXSDT 00000001 ASL  00000061)
[    0.000000] ACPI: FACP 0x000000003FFF00F0 0000F4 (v04 VBOX   VBOXFACP 00000001 ASL  00000061)
[    0.000000] ACPI: DSDT 0x000000003FFF0470 002325 (v02 VBOX   VBOXBIOS 00000002 INTL 20100528)
[    0.000000] ACPI: FACS 0x000000003FFF0200 000040
[    0.000000] ACPI: FACS 0x000000003FFF0200 000040
[    0.000000] ACPI: APIC 0x000000003FFF0240 00005C (v02 VBOX   VBOXAPIC 00000001 ASL  00000061)
[    0.000000] ACPI: SSDT 0x000000003FFF02A0 0001CC (v01 VBOX   VBOXCPUT 00000002 INTL 20100528)
[    0.000000] No NUMA configuration found
[    0.000000] Faking a node at [mem 0x0000000000000000-0x000000003ffeffff]
[    0.000000] NODE_DATA(0) allocated [mem 0x3ffeb000-0x3ffeffff]
[    0.000000] kvm-clock: Using msrs 4b564d01 and 4b564d00
[    0.000000] kvm-clock: cpu 0, msr 0:3ffe3001, primary cpu clock
[    0.000000] kvm-clock: using sched offset of 3289153408 cycles
[    0.000000] clocksource: kvm-clock: mask: 0xffffffffffffffff max_cycles: 0x1cd42e4dffb, max_idle_ns: 881590591483 ns
[    0.000000] Zone ranges:
[    0.000000]   DMA      [mem 0x0000000000001000-0x0000000000ffffff]
[    0.000000]   DMA32    [mem 0x0000000001000000-0x000000003ffeffff]
[    0.000000]   Normal   empty
[    0.000000]   Device   empty
[    0.000000] Movable zone start for each node
[    0.000000] Early memory node ranges
[    0.000000]   node   0: [mem 0x0000000000001000-0x000000000009efff]
[    0.000000]   node   0: [mem 0x0000000000100000-0x000000003ffeffff]
[    0.000000] Initmem setup node 0 [mem 0x0000000000001000-0x000000003ffeffff]
[    0.000000] ACPI: PM-Timer IO Port: 0x4008
[    0.000000] IOAPIC[0]: apic_id 2, version 32, address 0xfec00000, GSI 0-23
[    0.000000] ACPI: INT_SRC_OVR (bus 0 bus_irq 0 global_irq 2 dfl dfl)
[    0.000000] ACPI: INT_SRC_OVR (bus 0 bus_irq 9 global_irq 9 low level)
[    0.000000] Using ACPI (MADT) for SMP configuration information
[    0.000000] smpboot: Allowing 2 CPUs, 0 hotplug CPUs
[    0.000000] PM: Registered nosave memory: [mem 0x00000000-0x00000fff]
[    0.000000] PM: Registered nosave memory: [mem 0x0009f000-0x0009ffff]
[    0.000000] PM: Registered nosave memory: [mem 0x000a0000-0x000effff]
[    0.000000] PM: Registered nosave memory: [mem 0x000f0000-0x000fffff]
[    0.000000] e820: [mem 0x40000000-0xfebfffff] available for PCI devices
[    0.000000] Booting paravirtualized kernel on KVM
[    0.000000] clocksource: refined-jiffies: mask: 0xffffffff max_cycles: 0xffffffff, max_idle_ns: 7645519600211568 ns
[    0.000000] setup_percpu: NR_CPUS:512 nr_cpumask_bits:512 nr_cpu_ids:2 nr_node_ids:1
[    0.000000] PERCPU: Embedded 33 pages/cpu @ffff88003fc00000 s95512 r8192 d31464 u1048576
[    0.000000] Built 1 zonelists in Node order, mobility grouping on.  Total pages: 257912
[    0.000000] Policy zone: DMA32
[    0.000000] Kernel command line: BOOT_IMAGE=/boot/vmlinuz-4.4.0-186-generic root=LABEL=cloudimg-rootfs ro console=tty1 console=ttyS0
[    0.000000] PID hash table entries: 4096 (order: 3, 32768 bytes)
[    0.000000] Memory: 997664K/1048120K available (8636K kernel code, 1337K rwdata, 4040K rodata, 1492K init, 1296K bss, 50456K reserved, 0K cma-reserved)
[    0.000000] SLUB: HWalign=64, Order=0-3, MinObjects=0, CPUs=2, Nodes=1
[    0.000000] Hierarchical RCU implementation.
[    0.000000] 	Build-time adjustment of leaf fanout to 64.
[    0.000000] 	RCU restricting CPUs from NR_CPUS=512 to nr_cpu_ids=2.
[    0.000000] RCU: Adjusting geometry for rcu_fanout_leaf=64, nr_cpu_ids=2
[    0.000000] NR_IRQS:33024 nr_irqs:440 16
[    0.000000] Console: colour VGA+ 80x25
[    0.000000] console [tty1] enabled
[    0.000000] console [ttyS0] enabled
[    0.000000] tsc: Detected 2994.372 MHz processor
[    0.116838] Calibrating delay loop (skipped) preset value.. 5988.74 BogoMIPS (lpj=11977488)
[    0.118051] pid_max: default: 32768 minimum: 301
[    0.118716] ACPI: Core revision 20150930
[    0.119981] ACPI: 2 ACPI AML tables successfully acquired and loaded
[    0.120919] Security Framework initialized
[    0.121547] Yama: becoming mindful.
[    0.122111] AppArmor: AppArmor initialized
[    0.122762] Dentry cache hash table entries: 131072 (order: 8, 1048576 bytes)
[    0.123800] Inode-cache hash table entries: 65536 (order: 7, 524288 bytes)
[    0.125781] Mount-cache hash table entries: 2048 (order: 2, 16384 bytes)
[    0.126738] Mountpoint-cache hash table entries: 2048 (order: 2, 16384 bytes)
[    0.127915] Initializing cgroup subsys io
[    0.128564] Initializing cgroup subsys memory
[    0.129318] Initializing cgroup subsys devices
[    0.129959] Initializing cgroup subsys freezer
[    0.130602] Initializing cgroup subsys net_cls
[    0.131242] Initializing cgroup subsys perf_event
[    0.131959] Initializing cgroup subsys net_prio
[    0.132609] Initializing cgroup subsys hugetlb
[    0.133325] Initializing cgroup subsys pids
[    0.141383] mce: CPU supports 0 MCE banks
[    0.142042] Last level iTLB entries: 4KB 1024, 2MB 1024, 4MB 512
[    0.142940] Last level dTLB entries: 4KB 2048, 2MB 2048, 4MB 1024, 1GB 0
[    0.143947] Spectre V1 : Mitigation: usercopy/swapgs barriers and __user pointer sanitization
[    0.145213] Spectre V2 : Spectre mitigation: LFENCE not serializing, switching to generic retpoline
[    0.146533] Spectre V2 : Mitigation: Full generic retpoline
[    0.147384] Spectre V2 : Spectre v2 / SpectreRSB mitigation: Filling RSB on context switch
[    0.149805] Speculative Store Bypass: Mitigation: Speculative Store Bypass disabled via prctl and seccomp
[    0.153476] Freeing SMP alternatives memory: 36K
[    0.158856] ftrace: allocating 32334 entries in 127 pages
[    0.208112] smpboot: APIC(0) Converting physical 0 to logical package 0
[    0.209104] smpboot: Max logical packages: 1
[    0.209921] x2apic enabled
[    0.210586] Switched APIC routing to physical x2apic.
[    0.212244] ..TIMER: vector=0x30 apic1=0 pin1=2 apic2=-1 pin2=-1
[    0.321113] APIC calibration not consistent with PM-Timer: 112ms instead of 100ms
[    0.322457] APIC delta adjusted to PM-Timer: 6441264 (7269703)
[    0.323419] smpboot: CPU0: AMD Ryzen 5 4600H with Radeon Graphics (family: 0x17, model: 0x60, stepping: 0x1)
[    0.325092] Performance Events: Broken PMU hardware detected, using software events only.
[    0.326620] Failed to access perfctr msr (MSR c0010007 is 0)
[    0.344232] KVM setup paravirtual spinlock
[    0.348500] x86: Booting SMP configuration:
[    0.349540] .... node  #0, CPUs:      #1
[    0.350809] kvm-clock: cpu 1, msr 0:3ffe3041, secondary cpu clock
[    0.358997] mce: CPU supports 0 MCE banks
[    0.361615] x86: Booted up 1 node, 2 CPUs
[    0.363513] smpboot: Total of 2 processors activated (11977.48 BogoMIPS)
[    0.365103] devtmpfs: initialized
[    0.367488] evm: security.selinux
[    0.368306] evm: security.SMACK64
[    0.368917] evm: security.SMACK64EXEC
[    0.369607] evm: security.SMACK64TRANSMUTE
[    0.370456] evm: security.SMACK64MMAP
[    0.371021] evm: security.ima
[    0.371553] evm: security.capability
[    0.372295] clocksource: jiffies: mask: 0xffffffff max_cycles: 0xffffffff, max_idle_ns: 7645041785100000 ns
[    0.373733] futex hash table entries: 512 (order: 3, 32768 bytes)
[    0.374666] pinctrl core: initialized pinctrl subsystem
[    0.375522] RTC time: 14:18:01, date: 07/30/20
[    0.377192] NET: Registered protocol family 16
[    0.391767] cpuidle: using governor ladder
[    0.406465] cpuidle: using governor menu
[    0.407163] PCCT header not found.
[    0.408086] ACPI: bus type PCI registered
[    0.408687] acpiphp: ACPI Hot Plug PCI Controller Driver version: 0.5
[    0.409624] PCI: Using configuration type 1 for base access
[    0.410483] PCI: Using configuration type 1 for extended access
[    0.424498] ACPI: Added _OSI(Module Device)
[    0.425161] ACPI: Added _OSI(Processor Device)
[    0.425803] ACPI: Added _OSI(3.0 _SCP Extensions)
[    0.426494] ACPI: Added _OSI(Processor Aggregator Device)
[    0.427682] ACPI: Executed 1 blocks of module-level executable AML code
[    0.430238] ACPI: Interpreter enabled
[    0.430835] ACPI: (supports S0 S5)
[    0.431416] ACPI: Using IOAPIC for interrupt routing
[    0.432310] PCI: Using host bridge windows from ACPI; if necessary, use "pci=nocrs" and report a bug
[    0.436172] ACPI: PCI Root Bridge [PCI0] (domain 0000 [bus 00-ff])
[    0.437096] acpi PNP0A03:00: _OSC: OS supports [ExtendedConfig ASPM ClockPM Segments MSI]
[    0.438699] acpi PNP0A03:00: _OSC: platform does not support [PCIeCapability]
[    0.439868] acpi PNP0A03:00: _OSC: not requesting control; platform does not support [PCIeCapability]
[    0.441217] acpi PNP0A03:00: _OSC: OS requested [PCIeHotplug PME AER PCIeCapability]
[    0.442381] acpi PNP0A03:00: _OSC: platform willing to grant [PCIeHotplug PME AER]
[    0.450274] acpi PNP0A03:00: _OSC failed (AE_SUPPORT); disabling ASPM
[    0.451485] PCI host bridge to bus 0000:00
[    0.452108] pci_bus 0000:00: root bus resource [io  0x0000-0x0cf7 window]
[    0.453017] pci_bus 0000:00: root bus resource [io  0x0d00-0xffff window]
[    0.453892] pci_bus 0000:00: root bus resource [mem 0x000a0000-0x000bffff window]
[    0.455022] pci_bus 0000:00: root bus resource [mem 0x40000000-0xfdffffff window]
[    0.456155] pci_bus 0000:00: root bus resource [bus 00-ff]
[    0.458353] pci 0000:00:01.1: legacy IDE quirk: reg 0x10: [io  0x01f0-0x01f7]
[    0.459309] pci 0000:00:01.1: legacy IDE quirk: reg 0x14: [io  0x03f6]
[    0.460183] pci 0000:00:01.1: legacy IDE quirk: reg 0x18: [io  0x0170-0x0177]
[    0.461222] pci 0000:00:01.1: legacy IDE quirk: reg 0x1c: [io  0x0376]
[    0.489994] pci 0000:00:07.0: quirk: [io  0x4000-0x403f] claimed by PIIX4 ACPI
[    0.491153] pci 0000:00:07.0: quirk: [io  0x4100-0x410f] claimed by PIIX4 SMB
[    0.506541] ACPI: PCI Interrupt Link [LNKA] (IRQs 5 9 10 *11)
[    0.507880] ACPI: PCI Interrupt Link [LNKB] (IRQs 5 9 *10 11)
[    0.509192] ACPI: PCI Interrupt Link [LNKC] (IRQs 5 *9 10 11)
[    0.510397] ACPI: PCI Interrupt Link [LNKD] (IRQs 5 9 10 *11)
[    0.511743] ACPI: Enabled 2 GPEs in block 00 to 07
[    0.513612] vgaarb: setting as boot device: PCI:0000:00:02.0
[    0.514484] vgaarb: device added: PCI:0000:00:02.0,decodes=io+mem,owns=io+mem,locks=none
[    0.515709] vgaarb: loaded
[    0.516307] vgaarb: bridge control possible 0000:00:02.0
[    0.517384] SCSI subsystem initialized
[    0.518309] ACPI: bus type USB registered
[    0.518941] usbcore: registered new interface driver usbfs
[    0.519680] usbcore: registered new interface driver hub
[    0.520440] usbcore: registered new device driver usb
[    0.521332] PCI: Using ACPI for IRQ routing
[    0.522263] NetLabel: Initializing
[    0.522800] NetLabel:  domain hash size = 128
[    0.523458] NetLabel:  protocols = UNLABELED CIPSOv4
[    0.524237] NetLabel:  unlabeled traffic allowed by default
[    0.525125] amd_nb: Cannot enumerate AMD northbridges
[    0.525939] clocksource: Switched to clocksource kvm-clock
[    0.536714] AppArmor: AppArmor Filesystem Enabled
[    0.537525] pnp: PnP ACPI init
[    0.538598] pnp: PnP ACPI: found 3 devices
[    0.546919] clocksource: acpi_pm: mask: 0xffffff max_cycles: 0xffffff, max_idle_ns: 2085701024 ns
[    0.548448] NET: Registered protocol family 2
[    0.549397] TCP established hash table entries: 8192 (order: 4, 65536 bytes)
[    0.550355] TCP bind hash table entries: 8192 (order: 5, 131072 bytes)
[    0.551257] TCP: Hash tables configured (established 8192 bind 8192)
[    0.552144] UDP hash table entries: 512 (order: 2, 16384 bytes)
[    0.552935] UDP-Lite hash table entries: 512 (order: 2, 16384 bytes)
[    0.553831] NET: Registered protocol family 1
[    0.554494] pci 0000:00:00.0: Limiting direct PCI/PCI transfers
[    0.555318] pci 0000:00:01.0: Activating ISA DMA hang workarounds
[    0.557207] Unpacking initramfs...
[    0.760169] Freeing initrd memory: 14880K
[    0.762688] clocksource: tsc: mask: 0xffffffffffffffff max_cycles: 0x2b29812ce43, max_idle_ns: 440795323173 ns
[    0.764615] platform rtc_cmos: registered platform RTC device (no PNP device found)
[    0.766999] Scanning for low memory corruption every 60 seconds
[    0.769328] audit: initializing netlink subsys (disabled)
[    0.770657] audit: type=2000 audit(1596118686.436:1): initialized
[    0.771839] Initialise system trusted keyring
[    0.772905] HugeTLB registered 2 MB page size, pre-allocated 0 pages
[    0.775521] zbud: loaded
[    0.776734] VFS: Disk quotas dquot_6.6.0
[    0.777755] VFS: Dquot-cache hash table entries: 512 (order 0, 4096 bytes)
[    0.779132] squashfs: version 4.0 (2009/01/31) Phillip Lougher
[    0.780314] fuse init (API version 7.23)
[    0.782000] Key type big_key registered
[    0.782777] Allocating IMA MOK and blacklist keyrings.
[    0.784935] Key type asymmetric registered
[    0.785663] Asymmetric key parser 'x509' registered
[    0.786680] Block layer SCSI generic (bsg) driver version 0.4 loaded (major 249)
[    0.787869] io scheduler noop registered
[    0.788471] io scheduler deadline registered (default)
[    0.789205] io scheduler cfq registered
[    0.789845] pci_hotplug: PCI Hot Plug PCI Core version: 0.5
[    0.790623] pciehp: PCI Express Hot Plug Controller Driver version: 0.4
[    0.791614] ACPI: AC Adapter [AC] (on-line)
[    0.792332] input: Power Button as /devices/LNXSYSTM:00/LNXPWRBN:00/input/input0
[    0.793438] ACPI: Power Button [PWRF]
[    0.794153] input: Sleep Button as /devices/LNXSYSTM:00/LNXSLPBN:00/input/input1
[    0.795475] ACPI: Sleep Button [SLPF]
[    0.796448] GHES: HEST is not enabled!
[    0.797013] ACPI: Battery Slot [BAT0] (battery present)
[    0.798122] Serial: 8250/16550 driver, 32 ports, IRQ sharing enabled
[    0.819582] 00:02: ttyS0 at I/O 0x3f8 (irq = 4, base_baud = 115200) is a 16550A
[    0.824035] Linux agpgart interface v0.103
[    0.825978] loop: module loaded
[    0.827012] scsi host0: ata_piix
[    0.827829] scsi host1: ata_piix
[    0.828412] ata1: PATA max UDMA/33 cmd 0x1f0 ctl 0x3f6 bmdma 0xd000 irq 14
[    0.829330] ata2: PATA max UDMA/33 cmd 0x170 ctl 0x376 bmdma 0xd008 irq 15
[    0.830318] libphy: Fixed MDIO Bus: probed
[    0.830960] tun: Universal TUN/TAP device driver, 1.6
[    0.831639] tun: (C) 1999-2004 Max Krasnyansky <maxk@qualcomm.com>
[    0.832678] PPP generic driver version 2.4.2
[    0.833675] ehci_hcd: USB 2.0 'Enhanced' Host Controller (EHCI) Driver
[    0.834660] ehci-pci: EHCI PCI platform driver
[    0.835416] ehci-platform: EHCI generic platform driver
[    0.836158] ohci_hcd: USB 1.1 'Open' Host Controller (OHCI) Driver
[    0.837008] ohci-pci: OHCI PCI platform driver
[    0.837648] ohci-platform: OHCI generic platform driver
[    0.838438] uhci_hcd: USB Universal Host Controller Interface driver
[    0.839354] i8042: PNP: PS/2 Controller [PNP0303:PS2K,PNP0f03:PS2M] at 0x60,0x64 irq 1,12
[    0.840936] serio: i8042 KBD port at 0x60,0x64 irq 1
[    0.841638] serio: i8042 AUX port at 0x60,0x64 irq 12
[    0.842527] mousedev: PS/2 mouse device common for all mice
[    0.844038] input: AT Translated Set 2 keyboard as /devices/platform/i8042/serio0/input/input2
[    0.845632] rtc_cmos rtc_cmos: rtc core: registered rtc_cmos as rtc0
[    0.846656] rtc_cmos rtc_cmos: alarms up to one day, 114 bytes nvram
[    0.847561] i2c /dev entries driver
[    0.848217] device-mapper: uevent: version 1.0.3
[    0.848976] device-mapper: ioctl: 4.34.0-ioctl (2015-10-28) initialised: dm-devel@redhat.com
[    0.850203] ledtrig-cpu: registered to indicate activity on CPUs
[    0.851550] NET: Registered protocol family 10
[    0.852410] NET: Registered protocol family 17
[    0.853104] Key type dns_resolver registered
[    0.854050] registered taskstats version 1
[    0.854678] Loading compiled-in X.509 certificates
[    0.855775] Loaded X.509 cert 'Build time autogenerated kernel key: cef5e81496c0efa51b848ab539e845ddf31c08be'
[    0.857189] zswap: loaded using pool lzo/zbud
[    0.859531] Key type trusted registered
[    0.862881] Key type encrypted registered
[    0.863700] AppArmor: AppArmor sha1 policy hashing enabled
[    0.864490] ima: No TPM chip found, activating TPM-bypass!
[    0.865258] ima: Allocated hash algorithm: sha1
[    0.865921] evm: HMAC attrs: 0x1
[    0.866962]   Magic number: 12:18:335
[    0.867591] tty tty56: hash matches
[    0.868384] rtc_cmos rtc_cmos: setting system clock to 2020-07-30 14:18:02 UTC (1596118682)
[    0.869924] BIOS EDD facility v0.16 2004-Jun-25, 0 devices found
[    0.870773] EDD information not available.
[    1.175197] Freeing unused kernel memory: 1492K
[    1.175961] Write protecting the kernel read-only data: 14336k
[    1.177262] Freeing unused kernel memory: 1592K
[    1.178260] Freeing unused kernel memory: 56K
Loading, please wait...
starting version 229
[    1.194185] random: systemd-udevd: uninitialized urandom read (16 bytes read, 3 bits of entropy available)
[    1.195006] random: udevadm: uninitialized urandom read (16 bytes read, 3 bits of entropy available)
[    1.195035] random: udevadm: uninitialized urandom read (16 bytes read, 3 bits of entropy available)
[    1.198795] random: systemd-udevd: uninitialized urandom read (16 bytes read, 3 bits of entropy available)
[    1.200266] random: systemd-udevd: uninitialized urandom read (16 bytes read, 3 bits of entropy available)
[    1.201623] random: systemd-udevd: uninitialized urandom read (16 bytes read, 3 bits of entropy available)
[    1.202911] random: udevadm: uninitialized urandom read (16 bytes read, 3 bits of entropy available)
[    1.202950] random: udevadm: uninitialized urandom read (16 bytes read, 3 bits of entropy available)
[    1.203043] random: udevadm: uninitialized urandom read (16 bytes read, 3 bits of entropy available)
[    1.203079] random: udevadm: uninitialized urandom read (16 bytes read, 3 bits of entropy available)
[    1.252054] Fusion MPT base driver 3.04.20
[    1.253055] Copyright (c) 1999-2008 LSI Corporation
[    1.254008] e1000: Intel(R) PRO/1000 Network Driver - version 7.3.21-k8-NAPI
[    1.255229] e1000: Copyright (c) 1999-2006 Intel Corporation.
[    1.258382] Fusion MPT SPI Host driver 3.04.20
[    1.276126] AVX2 version of gcm_enc/dec engaged.
[    1.276859] AES CTR mode by8 optimization enabled
[    1.470735] input: ImExPS/2 Generic Explorer Mouse as /devices/platform/i8042/serio1/input/input4
[    1.728410] e1000 0000:00:03.0 eth0: (PCI:33MHz:32-bit) 02:e5:f9:b1:f5:c2
[    1.729558] e1000 0000:00:03.0 eth0: Intel(R) PRO/1000 Network Connection
[    2.303572] e1000 0000:00:08.0 eth1: (PCI:33MHz:32-bit) 08:00:27:a6:4d:b7
[    2.304713] e1000 0000:00:08.0 eth1: Intel(R) PRO/1000 Network Connection
[    2.306709] mptbase: ioc0: Initiating bringup
[    2.307511] e1000 0000:00:03.0 enp0s3: renamed from eth0
[    2.326985] e1000 0000:00:08.0 enp0s8: renamed from eth1
[    2.390318] ioc0: LSI53C1030 A0: Capabilities={Initiator}
[    2.551535] scsi host2: ioc0: LSI53C1030 A0, FwRev=00000000h, Ports=1, MaxQ=256, IRQ=20
[    2.663416] scsi 2:0:0:0: Direct-Access     VBOX     HARDDISK         1.0  PQ: 0 ANSI: 5
[    2.667091] scsi target2:0:0: Beginning Domain Validation
[    2.675705] scsi target2:0:0: Domain Validation skipping write tests
[    2.676893] scsi target2:0:0: Ending Domain Validation
[    2.678125] scsi target2:0:0: asynchronous
[    2.679400] scsi 2:0:1:0: Direct-Access     VBOX     HARDDISK         1.0  PQ: 0 ANSI: 5
[    2.680628] scsi target2:0:1: Beginning Domain Validation
[    2.682258] scsi target2:0:1: Domain Validation skipping write tests
[    2.683099] scsi target2:0:1: Ending Domain Validation
[    2.683886] scsi target2:0:1: asynchronous
[    2.688145] sd 2:0:0:0: [sda] 20971520 512-byte logical blocks: (10.7 GB/10.0 GiB)
[    2.689419] sd 2:0:0:0: Attached scsi generic sg0 type 0
[    2.689512] sd 2:0:0:0: [sda] Write Protect is off
[    2.690876] sd 2:0:0:0: [sda] Incomplete mode parameter data
[    2.691673] sd 2:0:0:0: [sda] Assuming drive cache: write through
[    2.692732] sd 2:0:1:0: [sdb] 20480 512-byte logical blocks: (10.5 MB/10.0 MiB)
[    2.694607] sd 2:0:1:0: [sdb] Write Protect is off
[    2.695757] sd 2:0:1:0: Attached scsi generic sg1 type 0
[    2.696577]  sda: sda1
[    2.697517] sd 2:0:1:0: [sdb] Incomplete mode parameter data
[    2.697538] sd 2:0:0:0: [sda] Attached SCSI disk
[    2.699085] sd 2:0:1:0: [sdb] Assuming drive cache: write through
[    2.702018] sd 2:0:1:0: [sdb] Attached SCSI disk
Begin: Loading essential drivers ... [    3.983763] md: linear personality registered for level -1
[    3.986320] md: multipath personality registered for level -4
[    3.988945] md: raid0 personality registered for level 0
[    3.992082] md: raid1 personality registered for level 1
[    4.063799] raid6: sse2x1   gen()  8183 MB/s
[    4.130291] raid6: sse2x1   xor()  7953 MB/s
[    4.198680] raid6: sse2x2   gen() 16088 MB/s
[    4.274795] raid6: sse2x2   xor() 10798 MB/s
[    4.342367] raid6: sse2x4   gen() 15799 MB/s
[    4.411799] raid6: sse2x4   xor()  7946 MB/s
[    4.479626] raid6: avx2x1   gen() 17527 MB/s
[    4.546745] raid6: avx2x2   gen() 27730 MB/s
[    4.614118] raid6: avx2x4   gen() 33025 MB/s
[    4.614890] raid6: using algorithm avx2x4 gen() 33025 MB/s
[    4.615783] raid6: using avx2x2 recovery algorithm
[    4.617419] xor: automatically using best checksumming function:
[    4.659057]    avx       : 18898.000 MB/sec
[    4.660579] async_tx: api initialized (async)
[    4.668539] md: raid6 personality registered for level 6
[    4.669394] md: raid5 personality registered for level 5
[    4.670278] md: raid4 personality registered for level 4
[    4.675771] md: raid10 personality registered for level 10
done.
Begin: Running /scripts/init-premount ... done.
Begin: Mounting root file system ... Begin: Running /scripts/local-top ... done.
Begin: Running /scripts/local-premount ... [    4.700238] Btrfs loaded
Scanning for Btrfs filesystems
done.
Warning: fsck not present, so skipping root file system
[    4.721633] EXT4-fs (sda1): mounted filesystem with ordered data mode. Opts: (null)
done.
Begin: Running /scripts/local-bottom ... done.
Begin: Running /scripts/init-bottom ... done.
[    4.802613] systemd[1]: systemd 229 running in system mode. (+PAM +AUDIT +SELINUX +IMA +APPARMOR +SMACK +SYSVINIT +UTMP +LIBCRYPTSETUP +GCRYPT +GNUTLS +ACL +XZ -LZ4 +SECCOMP +BLKID +ELFUTILS +KMOD -IDN)
[    4.805074] systemd[1]: Detected virtualization oracle.
[    4.805794] systemd[1]: Detected architecture x86-64.

Welcome to [1mUbuntu 16.04.6 LTS[0m!

[    4.815192] systemd[1]: Set hostname to <ubuntu>.
[    4.817586] systemd[1]: Initializing machine ID from random generator.
[    4.818561] systemd[1]: Installed transient /etc/machine-id file.
[    4.921603] systemd[1]: Listening on Syslog Socket.
[[0;32m  OK  [0m] Listening on Syslog Socket.
[    4.923268] systemd[1]: Listening on Journal Socket (/dev/log).
[[0;32m  OK  [0m] Listening on Journal Socket (/dev/log).
[    4.924853] systemd[1]: Listening on udev Kernel Socket.
[[0;32m  OK  [0m] Listening on udev Kernel Socket.
[    4.926899] systemd[1]: Set up automount Arbitrary Executable File Formats File System Automount Point.
[[0;32m  OK  [0m] Set up automount Arbitrary Executab...ats File System Automount Point.
[    4.930742] systemd[1]: Created slice System Slice.
[[0;32m  OK  [0m] Created slice System Slice.
[    4.932772] systemd[1]: Created slice system-serial\x2dgetty.slice.
[[0;32m  OK  [0m] Created slice system-serial\x2dgetty.slice.
[    4.934510] systemd[1]: Reached target System Time Synchronized.
[[0;32m  OK  [0m] Reached target System Time Synchronized.
[    4.936380] systemd[1]: Created slice User and Session Slice.
[[0;32m  OK  [0m] Created slice User and Session Slice.
[    4.937890] systemd[1]: Reached target Slices.
[[0;32m  OK  [0m] Reached target Slices.
[    4.939246] systemd[1]: Listening on udev Control Socket.
[[0;32m  OK  [0m] Listening on udev Control Socket.
[    4.941038] systemd[1]: Listening on Journal Socket.
[[0;32m  OK  [0m] Listening on Journal Socket.
[    4.950683] systemd[1]: Starting Set console keymap...
         Starting Set console keymap...
[    4.954078] systemd[1]: Mounting Huge Pages File System...
         Mounting Huge Pages File System...
[    4.956943] systemd[1]: Starting Remount Root and Kernel File Systems...
         Starting Remount Root and Kernel File Systems...
[    4.959788] systemd[1]: Mounting Debug File System...
         Mounting Debug File System...
[    4.961769] EXT4-fs (sda1): re-mounted. Opts: (null)
[    4.961933] systemd[1]: Reached target Swap.
[[0;32m  OK  [0m] Reached target Swap.
[    4.964728] systemd[1]: Starting Uncomplicated firewall...
         Starting Uncomplicated firewall...
[    4.971654] systemd[1]: Starting Nameserver information manager...
         Starting Nameserver information manager...
[    4.979196] systemd[1]: Listening on LVM2 metadata daemon socket.
[[0;32m  OK  [0m] Listening on LVM2 metadata daemon socket.
[    4.981646] systemd[1]: Started Trigger resolvconf update for networkd DNS.
[[0;32m  OK  [0m] Started Trigger resolvconf update for networkd DNS.
[    4.983419] systemd[1]: Reached target User and Group Name Lookups.
[[0;32m  OK  [0m] Reached target User and Group Name Lookups.
[    4.985628] systemd[1]: Mounting POSIX Message Queue File System...
         Mounting POSIX Message Queue File System...
[    4.987204] systemd[1]: Listening on Device-mapper event daemon FIFOs.
[[0;32m  OK  [0m] Listening on Device-mapper event daemon FIFOs.
[    4.989181] systemd[1]: Started Forward Password Requests to Wall Directory Watch.
[[0;32m  OK  [0m] Started Forward Password Requests to Wall Directory Watch.
[    4.992958] systemd[1]: Listening on Journal Audit Socket.
[[0;32m  OK  [0m] Listening on Journal Audit Socket.
[    4.995957] systemd[1]: Starting Journal Service...
         Starting Journal Service...
[    4.998599] systemd[1]: Starting Monitoring of LVM2 mirrors, snapshots etc. using dmeventd or progress polling...
         Starting Monitoring of LVM2 mirrors... dmeventd or progress polling...
[    5.001445] systemd[1]: Listening on /dev/initctl Compatibility Named Pipe.
[[0;32m  OK  [0m] Listening on /dev/initctl Compatibility Named Pipe.
[    5.004717] systemd[1]: Starting Load Kernel Modules...
         Starting Load Kernel Modules...
[    5.007040] systemd[1]: Starting Create list of required static device nodes for the current kernel...
         Starting Create list of required st... nodes for the current kernel...
[    5.009260] systemd[1]: Listening on LVM2 poll daemon socket.
[[0;32m  OK  [0m] Listening on LVM2 poll daemon socket.
[    5.012956] systemd[1]: Reached target Encrypted Volumes.
[[0;32m  OK  [0m] Reached target Encrypted Volumes.
[    5.016169] systemd[1]: Mounted POSIX Message Queue File System.
[[0;32m  OK  [0m] Mounted POSIX Message Queue File System.
[    5.017799] systemd[1]: Mounted Debug File System.
[[0;32m  OK  [0m] Mounted Debug File System.
[    5.019124] systemd[1]: Mounted Huge Pages File System.
[[0;32m  OK  [0m] Mounted Huge Pages File System.
[    5.020443] Loading iSCSI transport class v2.0-870.
[    5.020862] systemd[1]: Started Set console keymap.
[[0;32m  OK  [0m] Started Set console keymap.
[    5.023173] systemd[1]: Started Remount Root and Kernel File Systems.
[[0;32m  OK  [0m] Started Remount Root and Kernel File Systems.
[    5.025462] systemd[1]: Started Uncomplicated firewall.
[[0;32m  OK  [0m] Started Uncomplicated firewall.
[    5.028604] systemd[1]: Started Create list of required static device nodes for the current kernel.
[[0;32m  OK  [0m] Started Create list of required sta...ce nodes for the current kernel.
[    5.034519] systemd[1]: Started Nameserver information manager.
[[0;32m  OK  [0m] Started Nameserver information manager.
[    5.042796] iscsi: registered transport (tcp)
[    5.043347] systemd[1]: Started Journal Service.
[[0;32m  OK  [0m] Started Journal Service.
[[0;32m  OK  [0m] Started LVM2 metadata daemon.
         Starting Create Static Device Nodes in /dev...
         Starting udev Coldplug all Devices...
         Starting Flush Journal to Persistent Storage...
         Starting Load/Save Random Seed...
[[0;32m  OK  [0m] Started Load/Save Random Seed.
[    5.077918] systemd-journald[393]: Received request to flush runtime journal from PID 1
[[0;32m  OK  [0m] Started Flush Journal to Persistent Storage.
[[0;32m  OK  [0m] Started Create Static Device Nodes in /dev.
         Starting udev Kernel Device Manager...
[    5.100471] iscsi: registered transport (iser)
[[0;32m  OK  [0m] Started Load Kernel Modules.
         Starting Apply Kernel Variables...
         Mounting FUSE Control File System...
[[0;32m  OK  [0m] Mounted FUSE Control File System.
[[0;32m  OK  [0m] Started Apply Kernel Variables.
[[0;32m  OK  [0m] Started udev Coldplug all Devices.
[[0;32m  OK  [0m] Started udev Kernel Device Manager.
[[0;32m  OK  [0m] Started Dispatch Password Requests to Console Directory Watch.
[[0;32m  OK  [0m] Found device /dev/ttyS0.
[[0;32m  OK  [0m] Started Monitoring of LVM2 mirrors,...ng dmeventd or progress polling.
[[0;32m  OK  [0m] Reached target Local File Systems (Pre).
[[0;32m  OK  [0m] Reached target Local File Systems.
         Starting Initial cloud-init job (pre-networking)...
         Starting Create Volatile Files and Directories...
         Starting Commit a transient machine-id on disk...
         Starting Set console font and keymap...
         Starting LSB: AppArmor initialization...
         Starting Tell Plymouth To Write Out Runtime Data...
[[0;32m  OK  [0m] Started Create Volatile Files and Directories.
         Starting Update UTMP about System Boot/Shutdown...
[[0;32m  OK  [0m] Listening on Load/Save RF Kill Switch Status /dev/rfkill Watch.
[[0;32m  OK  [0m] Started Update UTMP about System Boot/Shutdown.
[[0;32m  OK  [0m] Started Tell Plymouth To Write Out Runtime Data.
[[0;32m  OK  [0m] Started Commit a transient machine-id on disk.
[[0;32m  OK  [0m] Started LSB: AppArmor initialization.
         Starting Load AppArmor profiles managed internally by snapd...
[[0;32m  OK  [0m] Started Set console font and keymap.
[[0;32m  OK  [0m] Created slice system-getty.slice.
[[0;32m  OK  [0m] Started Load AppArmor profiles managed internally by snapd.
[    6.202463] cloud-init[505]: Cloud-init v. 20.2-45-g5f7825e2-0ubuntu1~16.04.1 running 'init-local' at Thu, 30 Jul 2020 14:18:07 +0000. Up 5.72 seconds.
[[0;32m  OK  [0m] Started Initial cloud-init job (pre-networking).
[[0;32m  OK  [0m] Reached target Network (Pre).
         Starting Raise network interfaces...
[[0;32m  OK  [0m] Started Raise network interfaces.
[[0;32m  OK  [0m] Reached target Network.
         Starting Initial cloud-init job (metadata service crawler)...
[    7.061666] cloud-init[957]: Cloud-init v. 20.2-45-g5f7825e2-0ubuntu1~16.04.1 running 'init' at Thu, 30 Jul 2020 14:18:08 +0000. Up 6.65 seconds.
[    7.063257] cloud-init[957]: ci-info: ++++++++++++++++++++++++++++++++++++++Net device info+++++++++++++++++++++++++++++++++++++++
[    7.064452] cloud-init[957]: ci-info: +--------+-------+----------------------------+---------------+--------+-------------------+
[    7.065713] cloud-init[957]: ci-info: | Device |   Up  |          Address           |      Mask     | Scope  |     Hw-Address    |
[    7.066885] cloud-init[957]: ci-info: +--------+-------+----------------------------+---------------+--------+-------------------+
[    7.068049] cloud-init[957]: ci-info: | enp0s3 |  True |         10.0.2.15          | 255.255.255.0 | global | 02:e5:f9:b1:f5:c2 |
[    7.077141] cloud-init[957]: ci-info: | enp0s3 |  True | fe80::e5:f9ff:feb1:f5c2/64 |       .       |  link  | 02:e5:f9:b1:f5:c2 |
[    7.078710] cloud-init[957]: ci-info: | enp0s8 | False |             .              |       .       |   .    | 08:00:27:a6:4d:b7 |
[    7.080106] cloud-init[957]: ci-info: |   lo   |  True |         127.0.0.1          |   255.0.0.0   |  host  |         .         |
[    7.081422] cloud-init[957]: ci-info: |   lo   |  True |          ::1/128           |       .       |  host  |         .         |
[    7.089116] cloud-init[957]: ci-info: +--------+-------+----------------------------+---------------+--------+-------------------+
[    7.090633] cloud-init[957]: ci-info: +++++++++++++++++++++++++++Route IPv4 info++++++++++++++++++++++++++++
[    7.096934] cloud-init[957]: ci-info: +-------+-------------+----------+---------------+-----------+-------+
[    7.098100] cloud-init[957]: ci-info: | Route | Destination | Gateway  |    Genmask    | Interface | Flags |
[    7.099274] cloud-init[957]: ci-info: +-------+-------------+----------+---------------+-----------+-------+
[    7.100348] cloud-init[957]: ci-info: |   0   |   0.0.0.0   | 10.0.2.2 |    0.0.0.0    |   enp0s3  |   UG  |
[    7.101768] cloud-init[957]: ci-info: |   1   |   10.0.2.0  | 0.0.0.0  | 255.255.255.0 |   enp0s3  |   U   |
[    7.102896] cloud-init[957]: ci-info: +-------+-------------+----------+---------------+-----------+-------+
[    7.107274] cloud-init[957]: ci-info: +++++++++++++++++++Route IPv6 info+++++++++++++++++++
[    7.108397] cloud-init[957]: ci-info: +-------+-------------+---------+-----------+-------+
[    7.109226] cloud-init[957]: ci-info: | Route | Destination | Gateway | Interface | Flags |
[    7.110151] cloud-init[957]: ci-info: +-------+-------------+---------+-----------+-------+
[    7.111313] cloud-init[957]: ci-info: |   0   |  fe80::/64  |    ::   |   enp0s3  |   U   |
[    7.112633] cloud-init[957]: ci-info: |   3   |   ff00::/8  |    ::   |   enp0s3  |   U   |
[    7.113792] cloud-init[957]: ci-info: +-------+-------------+---------+-----------+-------+
[    7.114806] cloud-init[957]: Generating public/private rsa key pair.
[    7.115478] cloud-init[957]: Your identification has been saved in /etc/ssh/ssh_host_rsa_key.
[    7.116491] cloud-init[957]: Your public key has been saved in /etc/ssh/ssh_host_rsa_key.pub.
[    7.117362] cloud-init[957]: The key fingerprint is:
[    7.118074] cloud-init[957]: SHA256:D7zR4o8/Tm3alqjlWtReLkoGdQtzb3e40a6xHqD7ccc root@ubuntu-xenial
[    7.119040] cloud-init[957]: The key's randomart image is:
[    7.119730] cloud-init[957]: +---[RSA 2048]----+
[    7.120409] cloud-init[957]: |                 |
[    7.121070] cloud-init[957]: |                 |
[    7.121692] cloud-init[957]: |          + o    |
[    7.122285] cloud-init[957]: |       . o * o o |
[    7.129416] cloud-init[957]: |        S o + * +|
[    7.130311] cloud-init[957]: |       . O + = *.|
[    7.131045] cloud-init[957]: |        o O.*.* E|
[[0;32m  OK  [0m] Started Initial cloud-init job (metadata service crawler).
[    7.141327] cloud-init[957]: [[0;32m  OK  [0m] Reached target Network is Online.
|         Xo*o+ * |
[    7.142411] cloud-init[957]: |        +=O+o.+  |
[    7.143080] cloud-init[957]: +----[SHA256]-----+
[    7.143657] cloud-init[957]: Generating public/private dsa key pair.
[    7.144560] cloud-init[957]: Your identification has been saved in /etc/ssh/ssh_host_dsa_key.
[    7.145639] cloud-init[957]: Your public key has been saved in /etc/ssh/ssh_host_dsa_key.pub.
[    7.146709] cloud-init[957]: The key fingerprint is:
[    7.147312] cloud-init[957]: SHA256:RzjCxDU0S6vRRXmUtbOPpg7mopj0OLsu8BdhelRP2cE root@ubuntu-xenial
[    7.148293] cloud-init[957]: The key's randomart image is:
[    7.149111] cloud-init[957]: +---[DSA 1024]----+
[    7.156233] cloud-init[957]: |     ..o*=++.o.  |
[    7.156673]          Starting iSCSI initiator daemon (iscsid)...
[[0;32m  OK  [0m] Reached target System Initialization.
cloud-init[957]: |     ooooBE o  . |
[    7.157760] [[0;32m  OK  [0m] Listening on ACPID Listen Socket.
[[0;32m  OK  [0m] Started Daily apt download activities.
[[0;32m  OK  [0m] Started Daily apt upgrade and clean activities.
[[0;32m  OK  [0m] Started Daily Cleanup of Temporary Directories.
[[0;32m  OK  [0m] Started Message of the Day.
cloud-init[957]: |     .+o* ..  o  |
[    7.160361] [cloud-init[0;32m  OK  [0m[957]: ] Started ACPI Events Check.|    +  +.o     o |

[    7.161529] [[0;32m  OK  [0m] Reached target Paths.
cloud-init[957]: |   + .. S .   .  |
[    7.162436]          Starting LXD - unix socket.
[[0;32m  OK  [0m] Listening on UUID daemon activation socket.
[[0;32m  OK  [0m] Reached target Timers.
         Starting Socket activation for snappy daemon.
[[0;32m  OK  [0m] Listening on D-Bus System Message Bus Socket.
[[0;32m  OK  [0m] Reached target Cloud-config availability.
[[0;32m  OK  [0m] Listening on Socket activation for snappy daemon.
cloud-init[957]: |. . o    .     o |
[[0;32m  OK  [0m] Listening on LXD - unix socket.
[[0;32m  OK  [0m] Reached target Sockets.
[[0;32m  OK  [0m] Reached target Basic System.
         Starting System Logging Service...
[[0;32m  OK  [0m] Started ACPI event daemon.
         Starting /etc/rc.local Compatibility...
[[0;32m  OK  [0m] Started D-Bus System Message Bus.
[    7.172538] cloud-init[957]: | o ...    o   o .|
[    7.173208] cloud-init[957]: |  o.o=  .o . o   |
[    7.174053] cloud-init[957]: |   +B+o. ...o    |
[    7.174943] cloud-init[957]: +----[SHA256]-----+
[    7.175879] cloud-init[957]: Generating public/private ecdsa key pair.
[    7.176889] cloud-init[957]: Your identification has been saved in /etc/ssh/ssh_host_ecdsa_key.
[    7.178975] cloud-init[957]: Your public key has been saved in /etc/ssh/ssh_host_ecdsa_key.pub.
[    7.180143] cloud-init[957]: The key fingerprint is:
[    7.181148] cloud-init[957]: SHA256:kH5Ss1KHuSETH6vwSww7yfiIAMGUi9XfaJN3300OcvU root@ubuntu-xenial
[    7.182496] cloud-init[957]: The key's randomart image is:
[    7.184771] cloud-init[957]: +---[ECDSA 256]---+
[    7.185346] cloud-init[957]: |+...  . .        |
[    7.186018] cloud-init[957]: | +. .  + =      .|
[    7.186712] cloud-init[957]: |o.. o.=+X .    ..|
[    7.187634] cloud-init[957]: |o. o O*Bo*. . o E|
[    7.188609] cloud-init[957]: |. . =.OoS. . + = |
[    7.189263] cloud-init[957]: |.. o o =    . . o|
[    7.189903] cloud-init[957]: |. . . .          |
         Starting LXD - container startup/shutdown...
         Starting Login Service...
[    7.197040] cloud-init[957]: |                 |
[    7.198460] cloud-init[957]: |                 |
[    7.198659] cloud-init[957]: +----[SHA256]-----+
[    7.198696] cloud-init[957]: Generating public/private ed25519 key pair.
[    7.198927] cloud-init[957]: Your identification has been saved in /etc/ssh/ssh_host_ed25519_key.
[    7.199113] cloud-init[957]: Your public key has been saved in /etc/ssh/ssh_host_ed25519_key.pub.
[    7.199299] cloud-init[957]: The key fingerprint is:
[    7.199491] cloud-init[957]: SHA256:ohw9H4WE+2U6Rgo220WhSoK3Tw6lzvfiGnRWDiZ7e78 root@ubuntu-xenial
[    7.199697] cloud-init[957]: The key's randomart image is:
[    7.199924] cloud-init[957]: +--[ED25519 256]--+
[    7.200111] cloud-init[957]: |       .o.       |
[    7.200199] cloud-init[957]: | .    .o..       |
[    7.200623] cloud-init[957]: |. + = oo. .      |
[    7.200767] cloud-init[957]: | . X+*. o.o      |
[    7.201084] cloud-init[957]: |  *.B===S+       |
[    7.201262] cloud-init[957]: | + X.+o+=.       |
[    7.201466] cloud-init[957]: |  + B ....       |
[    7.201657] cloud-init[957]: |   o.o .         |
[    7.201872] cloud-init[957]: |  .o... E.       |
[    7.201907] cloud-init[957]: +----[SHA256]-----+
[[0;32m  OK  [0m] Started Regular background program processing daemon.
         Starting Virtualbox guest utils...
[[0;32m  OK  [0m] Started FUSE filesystem for LXC.
         Starting LSB: Record successful boot for GRUB...
         Starting LSB: MD monitoring daemon...
         Starting Pollinate to seed the pseudo random number generator...
         Starting Accounts Service...
[[0;32m  OK  [0m] Started Deferred execution scheduler.
         Starting Snap Daemon...
[[0;32m  OK  [0m] Started System Logging Service.
[[0;32m  OK  [0m] Started /etc/rc.local Compatibility.
[[0;32m  OK  [0m] Started iSCSI initiator daemon (iscsid).
         Starting Login to default iSCSI targets...
[[0;32m  OK  [0m] Started Login Service.
[[0;32m  OK  [0m] Started Unattended Upgrades Shutdown.
[[0;32m  OK  [0m] Started Login to default iSCSI targets.
[[0;32m  OK  [0m] Reached target Remote File Systems (Pre).
[[0;32m  OK  [0m] Reached target Remote File Systems.
         Starting LSB: automatic crash report generation...
         Starting LSB: daemon to balance interrupts for SMP systems...
         Starting LSB: Set the CPU Frequency Scaling governor to "ondemand"...
         Starting Permit User Sessions...
[[0;32m  OK  [0m] Started LSB: MD monitoring daemon.
[[0;32m  OK  [0m] Started LSB: Record successful boot for GRUB.
[[0;32m  OK  [0m] Started Permit User Sessions.
         Starting Terminate Plymouth Boot Screen...
         Starting Hold until boot process finishes up...
[[0;32m  OK  [0m] Started Hold until boot process finishes up.
[[0;32m  OK  [0m] Started Getty on tty1.
         Starting Set console scheme...
[[0;32m  OK  [0m] Started Serial Getty on ttyS0.
[[0;32m  OK  [0m] Reached target Login Prompts.
[[0;32m  OK  [0m] Started Terminate Plymouth Boot Screen.
[[0;32m  OK  [0m] Started Set console scheme.
[[0;32m  OK  [0m] Started LSB: Set the CPU Frequency Scaling governor to "ondemand".
[[0;32m  OK  [0m] Started LSB: automatic crash report generation.
         Starting Authenticate and Authorize Users to Run Privileged Tasks...
[[0;32m  OK  [0m] Started LSB: daemon to balance interrupts for SMP systems.
[[0;32m  OK  [0m] Started LXD - container startup/shutdown.
[[0;32m  OK  [0m] Started Authenticate and Authorize Users to Run Privileged Tasks.
[[0;32m  OK  [0m] Started Accounts Service.
[[0;32m  OK  [0m] Started Virtualbox guest utils.
[[0;32m  OK  [0m] Started Snap Daemon.
         Starting Wait until snapd is fully seeded...
[[0;32m  OK  [0m] Started Pollinate to seed the pseudo random number generator.
         Starting OpenBSD Secure Shell server...
[[0;32m  OK  [0m] Started OpenBSD Secure Shell server.
[[0;32m  OK  [0m] Started Wait until snapd is fully seeded.
         Starting Apply the settings specified in cloud-config...
[[0;32m  OK  [0m] Reached target Multi-User System.
[[0;32m  OK  [0m] Reached target Graphical Interface.
         Starting Update UTMP about System Runlevel Changes...
[[0;32m  OK  [0m] Started Update UTMP about System Runlevel Changes.
[    8.497865] cloud-init[1307]: Generating locales (this might take a while)...
[    9.073567] cloud-init[1307]:   en_US.UTF-8... done
[    9.074470] cloud-init[1307]: Generation complete.
[    9.323442] cloud-init[1307]: Cloud-init v. 20.2-45-g5f7825e2-0ubuntu1~16.04.1 running 'modules:config' at Thu, 30 Jul 2020 14:18:10 +0000. Up 8.42 seconds.
[[0;32m  OK  [0m] Started Apply the settings specified in cloud-config.
         Starting Execute cloud user/final scripts...
ci-info: no authorized SSH keys fingerprints found for user ubuntu.
<14>Jul 30 14:18:11 ec2: 
<14>Jul 30 14:18:11 ec2: #############################################################
<14>Jul 30 14:18:11 ec2: -----BEGIN SSH HOST KEY FINGERPRINTS-----
<14>Jul 30 14:18:11 ec2: 1024 SHA256:RzjCxDU0S6vRRXmUtbOPpg7mopj0OLsu8BdhelRP2cE root@ubuntu-xenial (DSA)
<14>Jul 30 14:18:11 ec2: 256 SHA256:kH5Ss1KHuSETH6vwSww7yfiIAMGUi9XfaJN3300OcvU root@ubuntu-xenial (ECDSA)
<14>Jul 30 14:18:11 ec2: 256 SHA256:ohw9H4WE+2U6Rgo220WhSoK3Tw6lzvfiGnRWDiZ7e78 root@ubuntu-xenial (ED25519)
<14>Jul 30 14:18:11 ec2: 2048 SHA256:D7zR4o8/Tm3alqjlWtReLkoGdQtzb3e40a6xHqD7ccc root@ubuntu-xenial (RSA)
<14>Jul 30 14:18:11 ec2: -----END SSH HOST KEY FINGERPRINTS-----
<14>Jul 30 14:18:11 ec2: #############################################################
-----BEGIN SSH HOST KEY KEYS-----
ecdsa-sha2-nistp256 AAAAE2VjZHNhLXNoYTItbmlzdHAyNTYAAAAIbmlzdHAyNTYAAABBBMXWzD2ldrj1ZmlHMC8QHuc/4fhieGA+UcPyKcVCPRp8ax0p6+4C70EKCGhb2++A2WYk1belhvy2AwL5M7RTbQk= root@ubuntu-xenial
ssh-ed25519 AAAAC3NzaC1lZDI1NTE5AAAAIFBecgeF+umyggmfHoOODR47cHAir+SXTEPmIfPNavQM root@ubuntu-xenial
ssh-rsa AAAAB3NzaC1yc2EAAAADAQABAAABAQCxac/IekIFOJa2t8YWpRANWYjii+3kuPxihBRvzd4wSWge4lL1chrc7u3We5e9V3mf8S235B2AcbOx6h1Ohu3/XP3Jb0KL5mhnZceueovC1eoZjZ2lKS1mqJZE+6NUOx29TPYLnqy5Xd393pJeYalbhXUlDUMI4p0tcKnLhEzkfMm0LW8wDOHKXT0/7zU0s/J2UDDTdmzsyQoSxxnFb52m8ph9QXaDCTsiv16h1xbj2eVo87q6LPQiqq/OFc8CfwzLM2CFDLshf471aZDj4/lm+Lwq1YvDdRze2r0jak3wizR98MBH5u79PkhFmqrrAvVI6KCaSe/Qu6PcNkfHFhR7 root@ubuntu-xenial
-----END SSH HOST KEY KEYS-----
[    9.797050] cloud-init[1350]: Cloud-init v. 20.2-45-g5f7825e2-0ubuntu1~16.04.1 running 'modules:final' at Thu, 30 Jul 2020 14:18:11 +0000. Up 9.64 seconds.
[    9.798695] cloud-init[1350]: ci-info: no authorized SSH keys fingerprints found for user ubuntu.
[    9.799855] cloud-init[1350]: Cloud-init v. 20.2-45-g5f7825e2-0ubuntu1~16.04.1 finished at Thu, 30 Jul 2020 14:18:11 +0000. Datasource DataSourceNoCloud [seed=/dev/sdb][dsmode=net].  Up 9.79 seconds
[[0;32m  OK  [0m] Started Execute cloud user/final scripts.
[[0;32m  OK  [0m] Reached target Cloud-init target.

Ubuntu 16.04.6 LTS ubuntu-xenial ttyS0

ubuntu-xenial login: 